To honour the JVM settings for this build a single-use Daemon process will be forked. For more on this, please refer to https://docs.gradle.org/8.10/userguide/gradle_daemon.html#sec:disabling_the_daemon in the Gradle documentation.
Daemon will be stopped at the end of the build 
> Task :backend:common:compileJava NO-SOURCE
> Task :backend:jobs:processResources UP-TO-DATE
> Task :backend:orchestrator:processResources UP-TO-DATE
> Task :backend:common:processResources UP-TO-DATE
> Task :backend:iam:processResources UP-TO-DATE
> Task :backend:schedules:processResources UP-TO-DATE
> Task :backend:secrets:processResources UP-TO-DATE
> Task :backend:executions:processResources UP-TO-DATE
> Task :backend:analytics:processResources UP-TO-DATE
> Task :backend:common:classes UP-TO-DATE
> Task :backend:common:jar UP-TO-DATE
> Task :backend:iam:compileJava UP-TO-DATE
> Task :backend:iam:classes UP-TO-DATE
> Task :backend:iam:jar UP-TO-DATE
> Task :backend:secrets:compileJava UP-TO-DATE
> Task :backend:secrets:classes UP-TO-DATE
> Task :backend:secrets:jar UP-TO-DATE
> Task :backend:jobs:compileJava UP-TO-DATE
> Task :backend:jobs:classes UP-TO-DATE
> Task :backend:jobs:jar UP-TO-DATE
> Task :backend:schedules:compileJava UP-TO-DATE
> Task :backend:schedules:classes UP-TO-DATE
> Task :backend:schedules:jar UP-TO-DATE
> Task :backend:executions:compileJava
> Task :backend:executions:classes
> Task :backend:executions:jar
> Task :backend:analytics:compileJava UP-TO-DATE
> Task :backend:analytics:classes UP-TO-DATE
> Task :backend:analytics:jar UP-TO-DATE
> Task :backend:orchestrator:compileJava UP-TO-DATE
> Task :backend:orchestrator:classes UP-TO-DATE
> Task :backend:orchestrator:bootJar

Deprecated Gradle features were used in this build, making it incompatible with Gradle 9.0.

You can use '--warning-mode all' to show the individual deprecation warnings and determine if they come from your own scripts or plugins.

For more on this, please refer to https://docs.gradle.org/8.10/userguide/command_line_interface.html#sec:command_line_warnings in the Gradle documentation.

BUILD SUCCESSFUL in 35s
23 actionable tasks: 3 executed, 20 up-to-date
